[2026-09-23 11:43:05] Debug: EasyRPG Player 0.8.1.1 (2025-06-02) started
[2026-09-23 11:43:05] Debug: ===========================================
[2026-09-23 11:43:05] Debug: CLI: --project-path <repo>/tests/fixtures/rm2000_chipset_min --no-rtp --engine rpg2k --new-game --disable-audio --no-pause-focus-lost --fullscreen --no-log-color --seed 42 --log-file <repo>/artifacts/runtime/rm2000/chipset/negative_runtime.log 
[2026-09-23 11:43:05] Debug: Clock: StdSteady steady=true period=ns (1 / 1000000000)
[2026-09-23 11:43:05] Debug: Seeded the RNG with 42.
[2026-09-23 11:43:06] Debug: SDL2: RendererInfo hw=true sw=false vsync=true
[2026-09-23 11:43:06] Debug: SDL2: Detected format (0) SDL_PIXELFORMAT_ARGB8888 : rank=(2)
[2026-09-23 11:43:06] Debug: SDL2: Detected format (1) SDL_PIXELFORMAT_ABGR8888 : rank=(2)
[2026-09-23 11:43:06] Debug: SDL2: Selected Pixel Format SDL_PIXELFORMAT_ARGB8888
[2026-09-23 11:43:06] Debug: Detected encoding: ibm-5348_P100-1997
[2026-09-23 11:43:06] Debug: Game and Save Directory:
[2026-09-23 11:43:06] Debug: 1: [Native]  -> <repo>/tests/fixtures/rm2000_chipset_min
[2026-09-23 11:43:06] Debug: Loading game SuperRTP_ChipSet_Fixture
[2026-09-23 11:43:06] Debug: Game does not need RTP (FullPackageFlag=1)
[2026-09-23 11:43:06] Debug: Cannot find RPG_RT
[2026-09-23 11:43:06] Debug: Engine configured as: 2k=true 2k3=false MajorUpdated=false Eng=false
[2026-09-23 11:43:06] Debug: RTP support is disabled.
[2026-09-23 11:43:06] Debug: Patch configuration: None
[2026-09-23 11:43:06] Debug: Cannot find: Font/Font
[2026-09-23 11:43:06] Debug: Cannot find: Font/Font2
[2026-09-23 11:43:06] Debug: Cannot find: Logo/LOGO1
[2026-09-23 11:43:07] Debug: Resolution changed to 320x240
[2026-09-23 11:43:07] Debug: Loaded Map Map0001.lmu
[2026-09-23 11:43:07] Debug: Tree: Map0001
[2026-09-23 11:43:08] Debug: Cannot find: ChipSet/Basis
[2026-09-23 11:43:08] Warning: Image not found: ChipSet/Basis
