Debug: EasyRPG Player 0.8.1.1 (2025-06-02) started
Debug: ===========================================
Debug: CLI: --project-path tests/fixtures/rm2003_min --rtp-path generated/rm2003 --engine rpg2k3 --new-game --disable-audio --no-pause-focus-lost --fullscreen --no-log-color --seed 42 --replay-input tests/fixtures/rm2003_min/replay_turn_directions.input 
Debug: Clock: StdSteady steady=true period=ns (1 / 1000000000)
Debug: Seeded the RNG with 42.
Debug: SDL2: RendererInfo hw=true sw=false vsync=true
Debug: SDL2: Detected format (0) SDL_PIXELFORMAT_ARGB8888 : rank=(2)
Debug: SDL2: Detected format (1) SDL_PIXELFORMAT_ABGR8888 : rank=(2)
Debug: SDL2: Selected Pixel Format SDL_PIXELFORMAT_ARGB8888
Debug: Detected encoding: ibm-5348_P100-1997
Debug: Game and Save Directory:
Debug: 1: [Native]  -> tests/fixtures/rm2003_min
Debug: Loading game SuperRTP_Fixture_2k3
Debug: Cannot find RPG_RT
Debug: Engine configured as: 2k=false 2k3=true MajorUpdated=false Eng=false
Debug: wine prefix not found: "/home/manc/.wine"
Debug: wine prefix not found: "/home/manc/.wine"
Debug: wine prefix not found: "/home/manc/.wine"
Debug: wine prefix not found: "/home/manc/.wine"
Debug: wine prefix not found: "/home/manc/.wine"
Debug: wine prefix not found: "/home/manc/.wine"
Debug: Adding generated/rm2003 to RTP path
Debug: RTP is "Vlad Russian Translation" (1/350)
Debug: Patch configuration: None
Debug: Cannot find: Font/Font
Debug: Cannot find: Font/Font2
Debug: Cannot find: Logo/LOGO1
Debug: Resolution changed to 320x240
Debug: Loaded Map Map0001.lmu
Debug: Tree: Map0001
Debug: Game uses RTP "RPG Advocate English Translation"
